Found 155 candidates:
  func main()
  package adler32 
  package aes 
  package armor 
  package ascii85 
  package asn1 
  package ast 
  package atomic 
  package base32 
  package base64 
  package bcrypt 
  package big 
  package binary 
  package blowfish 
  package bmp 
  package bufio 
  package build 
  package bytes 
  package bzip2 
  package cast5 
  package cgi 
  package cgo 
  package cipher 
  package cmplx 
  package color 
  package crc32 
  package crc64 
  package crypto 
  package csv 
  package debug 
  package des 
  package dict 
  package doc 
  package draw 
  package driver 
  package dsa 
  package dwarf 
  package ebnf 
  package ecdsa 
  package elf 
  package elgamal 
  package elliptic 
  package error 
  package errors 
  package exec 
  package expvar 
  package fcgi 
  package filepath 
  package flag 
  package flate 
  package fmt 
  package fnv 
  package gif 
  package git85 
  package gob 
  package gosym 
  package gzip 
  package hash 
  package heap 
  package hex 
  package hmac 
  package html 
  package http 
  package httptest 
  package httputil 
  package image 
  package inotify 
  package io 
  package iotest 
  package ioutil 
  package jpeg 
  package json 
  package jsonrpc 
  package life 
  package list 
  package log 
  package lzw 
  package macho 
  package mail 
  package math 
  package md4 
  package md5 
  package mime 
  package multipart 
  package net 
  package netchan 
  package norm 
  package ocsp 
  package openpgp 
  package os 
  package packet 
  package parse 
  package parser 
  package patch 
  package path 
  package pe 
  package pem 
  package pkix 
  package png 
  package pprof 
  package printer 
  package quick 
  package rand 
  package rc4 
  package reflect 
  package regexp 
  package ring 
  package ripemd160 
  package rpc 
  package rsa 
  package runtime 
  package s2k 
  package scanner 
  package script 
  package sha1 
  package sha256 
  package sha512 
  package signal 
  package smtp 
  package sort 
  package spdy 
  package sql 
  package ssh 
  package stdio 
  package strconv 
  package strings 
  package subtle 
  package suffixarray 
  package sync 
  package syntax 
  package syscall 
  package syslog 
  package tabwriter 
  package tar 
  package template 
  package terminal 
  package testing 
  package textproto 
  package tiff 
  package time 
  package tls 
  package token 
  package twofish 
  package types 
  package unicode 
  package url 
  package user 
  package utf16 
  package utf8 
  package websocket 
  package x509 
  package xml 
  package xtea 
  package zip 
  package zlib 
