Found 6 candidates:
  func IsExported() bool
  func Pos() token.Position
  func String() string
  var Name string
  var NamePos token.Position
  var Obj *ast.Object
