Found 5 candidates:
  func getMap() map[string]os.Error
  func main()
  module os 
  var key string
  var value os.Error
