Found 5 candidates:
  func main()
  module os 
  var key string
  var test map[string]os.Error
  var value os.Error
