Found 5 candidates:
  func A() localos.Error
  func B() superos.Error
  module localos 
  type Tester struct
  var test superos.Error
